// Vitest Snapshot v1

exports[`Link > should render 1`] = `"<a href=\\"javascript:;\\" _inline-block=\\"\\" _underline=\\"\\" _fw500=\\"\\" _text-secondary-interactive=\\"\\" _transition-colors=\\"\\" _cursor-pointer=\\"\\" _select-none=\\"\\">abc</a>"`;
