// Vitest Snapshot v1

exports[`TheTree > should render 1`] = `"<div class=\\"\\" _icon-carbon-tree=\\"\\" _text=\\"secondary hover:accent\\" _transition-colors=\\"\\" _cursor-pointer=\\"\\" data-v-84dc2214=\\"\\"></div>"`;
